╒═══════════════════════════════════════╕
| Linear solver - OA course - ENSL 2017 |
╘═══════════════════════════════════════╛

The input linear program is:

Maximize  +6_x1           -4_x3   +30_x4  -20_x5  +14_x6  -3_x7   +1_x8   +49_x9  +32_x10 +15_x11 +11_x12 -3_x13  -31_x14 +55_x15 +2_x16  -8_x17  -33_x18 -9_x19  +13_x20 +2_x21  +16_x22 +19_x23 -1_x24  +7_x25  -6_x26  +34_x27 -16_x28 -29_x29 +30_x30 
Such that +4_x1   -1_x2   +2_x3                   +3_x6   +3_x7           +1_x9   +3_x10  +4_x11  +2_x12  +2_x13  -1_x14  +3_x15  +4_x16  -4_x17  -1_x18  -4_x19  +2_x20  -2_x21  -3_x22  -3_x23  +3_x24                  +4_x27  +3_x28  -2_x29  -2_x30  <= -4
          +2_x1   -1_x2   +2_x3   -1_x4   +2_x5   +2_x6   -2_x7   +1_x8   -4_x9   +2_x10  -3_x11  -1_x12  +4_x13  +1_x14  +1_x15  -1_x16  +1_x17  +1_x18  +4_x19  +2_x20  +2_x21  -1_x22  -3_x23  +3_x24  -2_x25  -3_x26  +3_x27  +1_x28  +1_x29  -3_x30  <= 4
          -2_x1   -1_x2   +3_x3   +2_x4   -4_x5           +1_x7   +2_x8   -1_x9           -1_x11  -2_x12  -1_x13  -4_x14  +3_x15  -1_x16  -1_x17  -4_x18  -2_x19  -2_x20  -3_x21  +4_x22          -1_x24  -1_x25  +3_x26  +1_x27  +4_x28  -2_x29  +3_x30  <= 2
          -1_x1   +1_x2   +4_x3   +1_x4           +1_x6           +3_x8   +3_x9   +3_x10  -3_x11  +1_x12  +2_x13  +4_x14  +1_x15  +1_x16  +3_x17  -2_x18  -1_x19  -2_x20  +3_x21          +1_x23  +4_x24          +4_x26  +1_x27  -1_x28  +1_x29  -1_x30  <= -1
          -3_x1   +2_x2   +3_x3   -4_x4   +2_x5   -1_x6   -1_x7   +3_x8   +2_x9   +4_x10  +2_x11          -3_x13  -2_x14  +4_x15  +4_x16          +1_x18  +4_x19  -4_x20          -3_x22  -3_x23          -3_x25  +1_x26  -1_x27  +1_x28  +2_x29  +1_x30  <= 0
          -1_x1   +3_x2   -3_x3   -2_x4   -2_x5   +4_x6   +3_x7   +4_x8   -3_x9   +4_x10  +3_x11  +2_x12  -2_x13  +4_x14  +3_x15  +1_x16  -2_x17  -4_x18  +4_x19  +4_x20  +3_x21          -3_x23  -4_x24  -2_x25  -1_x26  -2_x27  +3_x28  -1_x29          <= 1
          +1_x1           -4_x3   +4_x4   +4_x5   -1_x6   +4_x7   +1_x8   +2_x9   -4_x10  +3_x11  -2_x12  -2_x13  -1_x14  +4_x15  -3_x16  +2_x17  +2_x18  +4_x19  +4_x20          +4_x22  +2_x23  +3_x24  +4_x25  -1_x26  +3_x27  +3_x28  +2_x29  -2_x30  <= 0
          +4_x1           -2_x3           +4_x5   +2_x6   -2_x7   +3_x8           +4_x10  +4_x11  +2_x12  +1_x13  -2_x14  +2_x15  -2_x16  +1_x17  -1_x18  -4_x19  +3_x20  +4_x21  -1_x22  +4_x23  -1_x24  -2_x25  +4_x26  +2_x27  +2_x28  +3_x29  -1_x30  <= 2
          -4_x1   +1_x2   -1_x3   +1_x4   -1_x5   +3_x6   +2_x7           -1_x9   +2_x10  +1_x11  -1_x12  +4_x13  +3_x14  +4_x15  +3_x16  -1_x17  -3_x18  +3_x19  +3_x20  -3_x21  +4_x22  -4_x23  -1_x24  +3_x25  +1_x26  +2_x27  +4_x28          +2_x30  <= 1
          +1_x1   +4_x2   +1_x3   +4_x4   -3_x5   -3_x6   +3_x7   +4_x8   +3_x9   -3_x10  +4_x11  +2_x12  -4_x13  +4_x14  -1_x15  +2_x16  +1_x17  +1_x18  -3_x19  +2_x20  -3_x21  -3_x22  +2_x23  +3_x24  -2_x25  -2_x26  -2_x27  -1_x28  +4_x29  +4_x30  <= -4
          -2_x1   +2_x2   +1_x3           +2_x5   -1_x6   +3_x7           -1_x9   -3_x10  +4_x11          +4_x13  +1_x14  +3_x15  -1_x16  -3_x17  +1_x18  -1_x19  -3_x20  -2_x21  +1_x22  +2_x23  -4_x24          +4_x26  -1_x27  +4_x28  -1_x29  -4_x30  <= 4
          +4_x1           +3_x3   +4_x4   +3_x5   -2_x6   -4_x7           +3_x9   +1_x10  +1_x11  +1_x12  +1_x13          +2_x15  -4_x16  -3_x17  -1_x18  -2_x19  +4_x20  -2_x21  +3_x22          -2_x24  +3_x25  -2_x26          -4_x28  -4_x29  +2_x30  <= 0
          +3_x1   -1_x2   -1_x3   -2_x4   -1_x5           -1_x7   -4_x8   +4_x9   -2_x10  -4_x11  -2_x12  -1_x13  -4_x14  -1_x15  +1_x16          -3_x18  +2_x19  +1_x20  +3_x21  +2_x22  -1_x23  +4_x24  +4_x25  -1_x26  +1_x27          +1_x29          <= -2
          -2_x1   +1_x2   -3_x3   +4_x4           +3_x6   +1_x7   -1_x8   +4_x9   +3_x10  +2_x11  +2_x12  -3_x13  -3_x14                  +2_x17  -4_x18  -3_x19  +2_x20  -1_x21  -2_x22  +4_x23  +1_x24          -4_x26  +2_x27  -2_x28  -1_x29  +1_x30  <= 2
          -2_x1   +3_x2   +1_x3   -4_x4   -4_x5   -4_x6   +2_x7   +2_x8   +3_x9   +4_x10  -3_x11  +3_x12  +2_x13  +3_x14  +4_x15  +1_x16  -3_x17  +2_x18  -1_x19  -3_x20  +2_x21  -2_x22  -1_x23          -1_x25  +3_x26  +4_x27  -3_x28  -3_x29  +2_x30  <= 3
          -1_x1   -1_x2   +3_x3                   -1_x6   +4_x7   -1_x8   -2_x9           -4_x11  +2_x12  +1_x13  +1_x14  +1_x15  +3_x16          +4_x18  +2_x19  +3_x20          +3_x22  -2_x23  -2_x24  +4_x25  +3_x26  -1_x27  -1_x28  -3_x29  +4_x30  <= -4
          +2_x1   -4_x2   -4_x3   +2_x4   -2_x5   +1_x6   -4_x7   -2_x8   +3_x9   +4_x10  +3_x11          -1_x13  -4_x14  +3_x15  +2_x16  +4_x17  +4_x18  +3_x19          +3_x21  -2_x22  +3_x23  +1_x24  -1_x25  -3_x26  +3_x27  -4_x28  -1_x29  +4_x30  <= 4
          +1_x1           +3_x3   +2_x4   -1_x5   -4_x6   -4_x7   +4_x8   +3_x9   +4_x10  +1_x11  -1_x12  +1_x13  +4_x14  -4_x15  -2_x16  -4_x17  -1_x18  -3_x19  -1_x20          -4_x22          +1_x24  -2_x25  +3_x26  +4_x27  -1_x28  +3_x29  -4_x30  <= 1
          +4_x1   -1_x2   +3_x3   -2_x4   -4_x5   -3_x6   -1_x7   -1_x8   +4_x9   +1_x10  -4_x11  +3_x12          -1_x14  +4_x15  -2_x16  -3_x17  +1_x18  +2_x19  +2_x20  +1_x21  +4_x22  +1_x23  +1_x24  -1_x25  -1_x26  +4_x27  -4_x28  +2_x29  +3_x30  <= 0
          -2_x1           -2_x3   -3_x4   +4_x5   +4_x6   -1_x7   +3_x8   -4_x9   -1_x10  -4_x11  -1_x12  +1_x13  -3_x14  +3_x15  -1_x16  -1_x17  +4_x18  -1_x19  -4_x20  +2_x21  +3_x22          -4_x24  +2_x25  +3_x26  +2_x27  -3_x28          +3_x30  <= -2
          x_1, x_2, x_3, x_4, x_5, x_6, x_7, x_8, x_9, x_10, x_11, x_12, x_13, x_14, x_15, x_16, x_17, x_18, x_19, x_20, x_21, x_22, x_23, x_24, x_25, x_26, x_27, x_28, x_29, x_30 are non-negative

This linear program is UNFEASIBLE.
