╒═══════════════════════════════════════╕
| Linear solver - OA course - ENSL 2017 |
╘═══════════════════════════════════════╛

The input linear program is:

Maximize                  +4_x3   +4_x4   +4_x5   +2_x6   +3_x7   +3_x8   +4_x9   +4_x10  +4_x11          +3_x13  +2_x14  +3_x15  +2_x16  +2_x17          +1_x19  +3_x20  
Such that -4_x1   +2_x2   -4_x3   -3_x4   -3_x5   +3_x6   +4_x7   +2_x8           -1_x10  +3_x11  -1_x12  +4_x13  -4_x14  -4_x15  -3_x16  +4_x17          +2_x19  -4_x20  <= -24
          +2_x1   -1_x2   +1_x3   +2_x4   -1_x5           +3_x7   -1_x8   -2_x9   -3_x10  +2_x11  -4_x12  -1_x13          +3_x15  -2_x16  -4_x17  +1_x18  -2_x19  -1_x20  <= -9
          -4_x1   +2_x2   +1_x3   -4_x4   -3_x5   +1_x6   +4_x7   +1_x8   -2_x9   -3_x10  -2_x11  +4_x12  -4_x13  -2_x14  +4_x15  -1_x16  -4_x17  +3_x18  -4_x19  +2_x20  <= -47
          +4_x1           -2_x3   -1_x4   +1_x5   -4_x6   -4_x7   +3_x8   +3_x9   +2_x10  +3_x11  -4_x12  +1_x13  +3_x14  +1_x15  +2_x16  -3_x17  -1_x18  -2_x19  -4_x20  <= 9
          +2_x1   +4_x2   -2_x3   -3_x4   +1_x5   +1_x6   +2_x7   -4_x8   -3_x9   +3_x10  -3_x11  -2_x12  -1_x13          -3_x15  -4_x16          -2_x18  -2_x19  -4_x20  <= -66
          +2_x1   +4_x2   -2_x3   -4_x4   -1_x5   -1_x6   -2_x7   -4_x8           -2_x10  +3_x11          -1_x13  -2_x14  -4_x15  -4_x16  +2_x17  +3_x18          -4_x20  <= -79
          +2_x1   +4_x2   +2_x3   +3_x4           +2_x6   +3_x7   -1_x8   -4_x9   -1_x10  -4_x11  -4_x12  -2_x13  +1_x14  +4_x15  +4_x16  -1_x17  +2_x18  -4_x19  -2_x20  <= -2
          +2_x1   -3_x2           -4_x4   -2_x5   -4_x6   -4_x7   -3_x8   -3_x9   -3_x10          +2_x12  -4_x13  +3_x14  -4_x15  -2_x16  +2_x17  -2_x18  -3_x19  +1_x20  <= -95
          -1_x1   +2_x2   -1_x3   +1_x4   -4_x5   +3_x6   +3_x7   -4_x8   -2_x9   +1_x10  -3_x11  -3_x12  -1_x13  +2_x14  +2_x15  +3_x16  +3_x17          +1_x19  +2_x20  <= -3
          +2_x1   -1_x2   -4_x3   +2_x4   +4_x5   +4_x6   -2_x7   -1_x8   -2_x9   +3_x10  -1_x11  -1_x12  -2_x13  +4_x14  +1_x15  -2_x16  +3_x17  -1_x18  -3_x19  -2_x20  <= 5
          +3_x1   +4_x2   +4_x3   +3_x4   -2_x5   +2_x6   +4_x7   +2_x8   +3_x9           -3_x11  +3_x12  -2_x13  +3_x14  -4_x15  +1_x16  -1_x17  +3_x18  +3_x19  -4_x20  <= 21
          +2_x1   +4_x2   -3_x3   +3_x4   -1_x5   -2_x6   -3_x7   -3_x8   -4_x9   -2_x10  +2_x11  -1_x12  +4_x13  -2_x14  +3_x15          -3_x17          +1_x19  +2_x20  <= -24
          -3_x1           +3_x3   +4_x4   +1_x5   -4_x6   +2_x7   -4_x8   -4_x9           +2_x11  +1_x12  +1_x13  -4_x14  -1_x15  +1_x16  +4_x17  +4_x18  +4_x19  -3_x20  <= 7
          +4_x1   -4_x2   +2_x3   -2_x4   -2_x5   -2_x6   +3_x7           -1_x9   -4_x10  -3_x11  -1_x12  +1_x13  -4_x14  -2_x15  +4_x16  +3_x17          +2_x19  +4_x20  <= -18
          -4_x1   +1_x2   +1_x3   -3_x4           -4_x6   +4_x7   +4_x8   +4_x9   +3_x10  +3_x11  +1_x12  -4_x13  -4_x14  +1_x15  +2_x16  +3_x17  +3_x18  -4_x19  +1_x20  <= 40
          +2_x1   +3_x2   +3_x3   +3_x4           +2_x6   +2_x7   +1_x8   +4_x9   -1_x10  -2_x11  +3_x12  -1_x13  -2_x14  -4_x15  +4_x16  +3_x17  -2_x18  +4_x19          <= 40
          +4_x1   +2_x2   +3_x3   +3_x4   +2_x5           +2_x7   -3_x8   -3_x9   -2_x10  -1_x11  +4_x12  +1_x13  +4_x14  +1_x15  +1_x16  -2_x17  -4_x18  -4_x19          <= 13
          -4_x1   +2_x2   -4_x3   +1_x4   -4_x5   +3_x6   -2_x7   -4_x8   -1_x9   -4_x10          +2_x12  +4_x13  +3_x14  +4_x15  +3_x16  -2_x17  -2_x18  +3_x19  -3_x20  <= -34
          -3_x1           +3_x3   +4_x4   +2_x5   +1_x6           +2_x8   +3_x9   -3_x10  +4_x11  -3_x12  -2_x13  -2_x14  -2_x15          +4_x17  -1_x18  +4_x19  -1_x20  <= 53
          +3_x1   -4_x2   +3_x3           -1_x5   +1_x6   -4_x7   -3_x8   +3_x9   +2_x10          -2_x12  +3_x13  -4_x14  +1_x15  -3_x16  -1_x17  +4_x18  -3_x19  +4_x20  <= 14
          -2_x1   +1_x2   -1_x3   +2_x4   +4_x5   -3_x6   -3_x7   -3_x8   -1_x9   +3_x10  +2_x11  -3_x12  -3_x13  -2_x14  -3_x15  -1_x16          -2_x18  -3_x19  -4_x20  <= -27
          +1_x1   +3_x2   -3_x3   +2_x4   -3_x5   -4_x6   +3_x7   -4_x8   +4_x9   +2_x10          -1_x12  +1_x13  -3_x14  +4_x15  +2_x16          -4_x18  -4_x19  +2_x20  <= 12
          +2_x1   +1_x2   -4_x3   +1_x4   -2_x5   +2_x6   +2_x7   -1_x8   +3_x9   -2_x10  +2_x11  -2_x12  +2_x13  -3_x14  -4_x15          +1_x17  -4_x18  +4_x19  +1_x20  <= -4
          +3_x1   -2_x2   +3_x3   +2_x4   +2_x5   -2_x6           -3_x8   -3_x9   -2_x10  -1_x11  +3_x12          -1_x14  +3_x15  +3_x16  +1_x17  -4_x18  +3_x19  -2_x20  <= 3
          +1_x1   -1_x2   -3_x3   -3_x4   -2_x5           -4_x7   +1_x8   -4_x9           +1_x11  +2_x12  -4_x13  -4_x14  -4_x15  -1_x16  -1_x17  -3_x18  -4_x19  +4_x20  <= -81
          +2_x1   -2_x2   -1_x3   +2_x4   +4_x5           +2_x7   +1_x8   +4_x9   -2_x10  +2_x11  +1_x12  -3_x13  +3_x14  -1_x15  -2_x16  +4_x17  +1_x18  -2_x19  +4_x20  <= 53
          +4_x1   -1_x2   +2_x3   +4_x4                   -3_x7   +1_x8   -4_x9   -4_x10  -2_x11          -4_x13  -3_x14  -2_x15  +2_x16  +4_x17  +3_x18  +4_x19  +1_x20  <= -27
          +1_x1   +4_x2   +4_x3   +1_x4   -3_x5   -1_x6   -2_x7   -1_x8   -3_x9   +1_x10  -4_x11  -3_x12  +4_x13  -2_x14  -2_x15  +3_x16  -1_x17  -4_x18  +2_x19  -2_x20  <= -25
          +1_x1   -4_x2   -4_x3           +1_x5   +2_x6   +2_x7   +1_x8   -2_x9   +4_x10  -2_x11          +3_x13  -1_x14  +4_x15  +1_x16  +2_x17  +2_x18  -2_x19  +2_x20  <= 30
          +3_x1   -2_x2   -2_x3   +3_x4           -3_x6           +3_x8   -4_x9   -4_x10  -3_x11  -2_x12          +2_x14  +2_x15  -3_x16  -1_x17  +3_x18  +2_x19  -4_x20  <= -45
          x_1, x_2, x_3, x_4, x_5, x_6, x_7, x_8, x_9, x_10, x_11, x_12, x_13, x_14, x_15, x_16, x_17, x_18, x_19, x_20 are non-negative

This linear program has a BOUNDED solution.
One optimal solution is: x_1 = 0, x_2 = 4459017961/26981620436, x_3 = 142763951837/13490810218, x_4 = 0, x_5 = 51490954027/26981620436, x_6 = 164151317175/26981620436, x_7 = 0, x_8 = 27978501545/6745405109, x_9 = 0, x_10 = 11534843151/586556966, x_11 = 271016313065/13490810218, x_12 = 197504499225/26981620436, x_13 = 13385759663/13490810218, x_14 = 325521010523/26981620436, x_15 = 51189032771/6745405109, x_16 = 0, x_17 = 0, x_18 = 0, x_19 = 190921996205/13490810218, x_20 = 78651591321/6745405109
The value of the objective for this solution is: 2243487447134/6745405109
The number of (second phase) pivots is: 19
The pivot rule used: random
