╒═══════════════════════════════════════╕
| Linear solver - OA course - ENSL 2017 |
╘═══════════════════════════════════════╛

The input linear program is:

Maximize  +4_x1   +2_x2   +3_x3           +3_x5   +1_x6   +1_x7   +1_x8   +2_x9   +1_x10  +2_x11  +4_x12  +3_x13  +1_x14  +1_x15  +4_x16  +2_x17  +3_x18  +2_x19          
Such that +2_x1   +4_x2   -4_x3   +2_x4   -1_x5   +4_x6                   +2_x9   -2_x10  +1_x11          -1_x13  +2_x14  +2_x15  +3_x16  +2_x17          +3_x19          <= 32
          -3_x1   +2_x2   +4_x3   -1_x4   -3_x5   -3_x6   -4_x7   -3_x8   +1_x9   -2_x10  -4_x11  -1_x12  +4_x13  -1_x14  -2_x15  +1_x16  +4_x17  +3_x18  +4_x19  -2_x20  <= 11
          +3_x1   -2_x2   -2_x3   -1_x4   -3_x5   +4_x6   +3_x7   +4_x8   -2_x9   -2_x10                  -4_x13  +1_x14  +4_x15  -3_x16  +1_x17  +1_x18  +1_x19  -1_x20  <= -14
          -2_x1   -3_x2   +4_x3   -4_x4           -4_x6           +4_x8   +2_x9   +1_x10  +1_x11  +1_x12  +1_x13  -1_x14  +2_x15  -1_x16          -4_x18  +2_x19  -4_x20  <= 1
          +4_x1   -4_x2   -3_x3   +1_x4   +3_x5   -2_x6   -4_x7   -4_x8   -2_x9   +2_x10          -4_x12  -3_x13  +3_x14  -4_x15  -4_x16  -1_x17  +3_x18  -2_x19  +1_x20  <= -43
          -4_x1   +4_x2   -4_x3   +2_x4   +3_x5   -3_x6   -2_x7           +3_x9   -4_x10          -3_x12  +2_x13  -3_x14  +4_x15          +2_x17  -2_x18  -1_x19  +4_x20  <= -23
          -2_x1   +3_x2   -2_x3   -2_x4   -3_x5   +2_x6           -1_x8   +3_x9   +1_x10  +4_x11          -2_x13  +3_x14  -2_x15          -4_x17  +1_x18  +3_x19  -3_x20  <= -5
          +4_x1   -2_x2   -3_x3   +4_x4   -1_x5   +3_x6   +3_x7   +3_x8   +2_x9   +1_x10  +3_x11  +1_x12  -1_x13  -4_x14  +4_x15  +4_x16  +2_x17  -3_x18  +1_x19  -3_x20  <= 34
          -2_x1   -3_x2   +1_x3   -2_x4   -1_x5           -3_x7   -4_x8   +1_x9   -4_x10  -4_x11  +3_x12  +2_x13  +2_x14  -4_x15  -2_x16  +1_x17          -1_x19  -1_x20  <= -23
                  +4_x2   -2_x3   +3_x4   +2_x5   +1_x6   -4_x7           +2_x9   -1_x10  +2_x11          +2_x13  -1_x14  -2_x15  +1_x16  -4_x17  +3_x18  -1_x19  +4_x20  <= 18
          +2_x1   +3_x2   -4_x3   -4_x4   +3_x5   +4_x6   +2_x7   -4_x8   +2_x9           -4_x11  +3_x12  +2_x13  -3_x14          -2_x16  +3_x17  -4_x18          +1_x20  <= 10
          -2_x1   +2_x2   +3_x3   +3_x4   -1_x5   -2_x6   +2_x7   -2_x8   +1_x9   +1_x10          -2_x12  +2_x13  +3_x14  +3_x15  +2_x16  -2_x17  -1_x18  +1_x19  -3_x20  <= 10
          +2_x1   -2_x2   +3_x3   +2_x4   +4_x5   +1_x6   -4_x7   +2_x8   +4_x9   +2_x10  -3_x11  +1_x12  +2_x13  +1_x14          +2_x16          +1_x18  +4_x19  -4_x20  <= 58
          +1_x1   +2_x2   +3_x3   -4_x4   -4_x5   +1_x6   -4_x7   -1_x8   -2_x9   +1_x10  -1_x11  +1_x12  -1_x13  -1_x14          +2_x16  -3_x17  +4_x18  +4_x19  +4_x20  <= 18
          +2_x1   -1_x2   -2_x3   -2_x4   -2_x5   +3_x6           +1_x8   -3_x9   -4_x10  -3_x11  -3_x12  -3_x13          -2_x15  -4_x16  -1_x17  -4_x18  +4_x19  +4_x20  <= -63
          +4_x1   +4_x2   +3_x3   -2_x4   -4_x5   +3_x6   -4_x7   -4_x8   -2_x9   +2_x10  -1_x11  +3_x12  -1_x13  -1_x14  +1_x15  +4_x16  +2_x17          -2_x19  -1_x20  <= 37
          -4_x1   +2_x2                   +2_x5   -3_x6   +4_x7   +1_x8           +2_x10          +2_x12          +4_x14  +3_x15  -4_x16          +3_x18  -3_x19  -4_x20  <= 0
          -1_x1   +3_x2   -3_x3   -1_x4   -3_x5   -1_x6           -2_x8   -3_x9           -2_x11  +2_x12  -2_x13  +2_x14  +2_x15  -3_x16          +2_x18  -4_x19  -2_x20  <= -37
          -1_x1   -3_x2   +1_x3   -4_x4   +2_x5   -1_x6           -1_x8   -1_x9   -3_x10  -2_x11  +1_x12  -1_x13  +2_x14  +1_x15  +4_x16  -3_x17  -3_x18  -2_x19  -2_x20  <= -11
          +3_x1   +3_x2   +1_x3   -2_x4   +3_x5   +1_x6   -1_x7   -4_x8   -4_x9   +1_x10  -1_x11  +1_x12          -1_x14  +2_x15  -4_x16          +1_x18  -4_x19          <= 1
          -1_x1   +2_x2                   +3_x5   +2_x6   +2_x7                   +4_x10  +2_x11          +4_x13  +3_x14          -2_x16  -3_x17  +2_x18  -2_x19  -1_x20  <= 24
          +4_x1   +4_x2   +1_x3   +3_x4   -3_x5   -3_x6   -1_x7   -3_x8   +4_x9   +2_x10  +2_x11  -4_x12  -3_x13  -2_x14  -3_x15  +2_x16  -4_x17  +3_x18  -4_x19  -1_x20  <= -4
          +3_x1   +4_x2   -1_x3   -2_x4   +1_x5   -3_x6   -4_x7   +4_x8   +4_x9           +1_x11  +2_x12  -2_x13  -3_x14  -3_x15  -2_x16  +4_x17  +3_x18          -4_x20  <= 32
                  +3_x2   +4_x3   +1_x4   -1_x5   +4_x6   +2_x7   +4_x8   +3_x9   +3_x10  -2_x11          +4_x13  +4_x14  +4_x15  -1_x16  -4_x17  +3_x18  +2_x19  -3_x20  <= 51
          +3_x1   +1_x2                   +4_x5   -1_x6   -2_x7   +2_x8   +2_x9   -3_x10  -4_x11  -2_x12  +4_x13          -4_x15  -1_x16  -1_x17  -3_x18  +4_x19          <= 11
                                  -2_x4   +4_x5   -1_x6   -4_x7   +2_x8   +4_x9   +2_x10  +1_x11  -3_x12  +4_x13  +1_x14  +2_x15  +4_x16  -2_x17          +4_x19  -2_x20  <= 44
          +4_x1   -4_x2   -3_x3   +1_x4   +2_x5   -4_x6   +3_x7   -2_x8   -4_x9   +3_x10          -4_x12  -3_x13  -4_x14  +2_x15  +4_x16  -3_x17  +2_x18          +4_x20  <= -14
          -4_x1   +1_x2   -3_x3   -4_x4                   +2_x7   -2_x8   -4_x9           +1_x11  +2_x12  -2_x13  -2_x14  -2_x15  +3_x16          -1_x18  +4_x19  +1_x20  <= -14
          +4_x1           +2_x3           -2_x5   -3_x6   -1_x7   -2_x8   +4_x9   -3_x10  -4_x11  -2_x12  -3_x13  +2_x14  -2_x15  +1_x16  +1_x17  +4_x18  -2_x19  -4_x20  <= 4
          +2_x1   -3_x2   +3_x3   +2_x4   -2_x5           -2_x7   -4_x8   -3_x9   -1_x10  +3_x11  -4_x12  +2_x13  +2_x14  +1_x15  +4_x16  -1_x17          +2_x19  +3_x20  <= 9
          x_1, x_2, x_3, x_4, x_5, x_6, x_7, x_8, x_9, x_10, x_11, x_12, x_13, x_14, x_15, x_16, x_17, x_18, x_19, x_20 are non-negative

This linear program has a BOUNDED solution.
One optimal solution is: x_1 = 143334769/20369042, x_2 = 0, x_3 = 451736135/10184521, x_4 = 215803364/10184521, x_5 = 305960695/20369042, x_6 = 0, x_7 = 217956049/10184521, x_8 = 185748672/10184521, x_9 = 33606489/20369042, x_10 = 0, x_11 = 0, x_12 = 737109037/20369042, x_13 = 0, x_14 = 48557771/20369042, x_15 = 0, x_16 = 0, x_17 = 621736297/20369042, x_18 = 0, x_19 = 0, x_20 = 477772151/10184521
The value of the objective for this solution is: 4658363452/10184521
The number of (second phase) pivots is: 37
The pivot rule used: random
