╒═══════════════════════════════════════╕
| Linear solver - OA course - ENSL 2017 |
╘═══════════════════════════════════════╛

The input linear program is:

Maximize         +4_x2  +1_x3  +3_x4  
Such that -3_x1         +2_x3  -3_x4  <= -7
          -3_x1  +1_x2         +3_x4  <= 13
          -2_x1  +2_x2  -4_x3  +4_x4  <= 16
          +4_x1  -4_x2  +3_x3  -1_x4  <= -16
          +4_x1  -2_x2  -1_x3  -2_x4  <= -15
                 -1_x2  -4_x3  -4_x4  <= -20
          -2_x1  -2_x2  -4_x3  +1_x4  <= -9
          +4_x1  +2_x2  -2_x3  +1_x4  <= 9
          x_1, x_2, x_3, x_4 are non-negative

This linear program has a BOUNDED solution.
One optimal solution is: x_1 = 0, x_2 = 4, x_3 = 1, x_4 = 3
The value of the objective for this solution is: 26
The number of (second phase) pivots is: 1
The pivot rule used: random
