╒═══════════════════════════════════════╕
| Linear solver - OA course - ENSL 2017 |
╘═══════════════════════════════════════╛

The input linear program is:

Maximize  +3_x1  -1_x2  +2_x3         
Such that -2_x1  -3_x2  -4_x3         <= -13
          +3_x1  -3_x2  +2_x3  -1_x4  <= 10
          -4_x1  +1_x2  -4_x3  +2_x4  <= -17
          -1_x1                -3_x4  <= -5
          -1_x1  -4_x2  -4_x3  -4_x4  <= -12
          +2_x1         -1_x3  -2_x4  <= 6
          -4_x1  -3_x2  -4_x3  -4_x4  <= -23
          -2_x1  -1_x2  -2_x3  -1_x4  <= -12
          x_1, x_2, x_3, x_4 are non-negative

This linear program has an UNBOUNDED solution.
